[ molecule ]
1LAS

[ martini ]
C2H33  C2H1  C2H2M  C2H2E  C3H5  COOC  C2H31 COO1 1ROH  C2H4E  COO2  C4H9

[ mapping ]
oplsaa 

[ atoms ]
   1    C1A    C2H33
   2    H1A    C2H33
   3    H2A    C2H33
   4    C2A    C2H33    C2H33  C2H1
   5    H4A    C2H33    
   6    C3A    C2H1     C2H1   C2H2E
   7    C4A    C2H1     C2H1   C2H2M
   8    H5A    C2H1     
   9    C5A    C2H2M    C2H2M  C2H1
  10    H6A    C2H2M    
  11    C6A    C2H2M    C2H2M  C2H2E
  12    H7A    C2H2M    
  13    C7A    C2H2E    C2H2E  C2H2M
  14    H8A    C2H2E    
  15    C8A    C2H2E    C2H2E  C2H1
  16    H9A    C2H2E    
  17    C9A    C3H5     C3H5   C2H33
  18    H10A   C3H5     C3H5   C2H33
  19    H11A   C3H5     C3H5   C2H33
  20    C10A   C3H5     
  21    C11A   C3H5     
  22    H12A   C3H5     
  23    H13A   C3H5     
  24    H14A   C3H5     
  25    C12A   COOC     C3H5
  26    O1A    COOC     C3H5
  27    O2A    COOC
  28    C13A   COOC
  29    H15A   COOC
  30    H16A   COOC
  31    H17A   COOC
  32    C14A   C2H31    C2H31  COOC
  33    H18A   C2H31    C2H31  COOC
  34    H19A   C2H31    C2H31  COOC
  35    C15A   C2H31    
  36    H20A   C2H31    
  37    C16A   COO1     COO1   C2H31
  38    O3A    COO1     
  39    O4A    COO1     COO1   ROH
  40    C17A   1ROH     COO1
  41    H21A   1ROH     COO1
  42    H22A   1ROH     COO1
  43    C18A   1ROH
  44    H23A   1ROH
  45    H24A   1ROH
  46    C19A   C2H4E   C2H4E  C2H31
  47    H26A   C2H4E   C2H4E  C2H31
  48    H27A   C2H4E   C2H4E  C2H31
  49    C20A   C2H4E
  50    H28A   C2H4E
  51    H29A   C2H4E
  52    C21A   COO2    COO2   C2H4E
  53    O6A    COO2    
  54    O7A    COO2    
  55    C22A   C4H9    COO2
  56    H30A   C4H9    COO2
  57    H31A   C4H9    COO2
  58    C23A   C4H9    C4H9   COO2 
  59    H32A   C4H9    C4H9   COO2
  60    H33A   C4H9    C4H9   COO2
  61    C24A   C4H9
  62    H34A   C4H9
  63    H35A   C4H9
  64    C25A   C4H9
  65    H36A   C4H9
  66    H37A   C4H9
  67    H38A   C4H9
   
 [ chiral ]
H4A  C2A  C1A  C3A  C9A 
H20A  C15A  C14A  C16A  C19A 

[ out ]
C1A  C2A  C3A  C9A
H1A  C2A  C3A  C9A
H2A  C2A  C3A  C9A
C11A C10A C9A  C14A
H12A C10A C9A  C14A
H13A C10A C9A  C14A
H14A C10A C9A  C14A

[ trans ]
H5A  C4A  C3A  C8A
H6A  C5A  C4A  C3A
H7A  C6A  C5A  C4A 
H8A  C7A  C6A  C5A 
H9A  C8A  C7A  C6A
C13A  O2A  C12A  C10A
H15A  O2A  C12A  C10A
H16A  O2A  C12A  C10A
H17A  O2A  C12A  C10A
C23A  C22A  O7A  C21A
C25A  C24A  C23A  C22A
